value1value2value3value4value5value6value7value8value9value10value11value12value13value14value15value16value17value18value19value20value21value22value23value24value25value26value27value28value29value30value31value32value33value34value35value36value37
array_value_1 <--> hash_value_301
array_value_4 <--> hash_value_304
array_value_7 <--> hash_value_307
array_value_10 <--> hash_value_310
array_value_13 <--> hash_value_313
array_value_16 <--> hash_value_316
array_value_19 <--> hash_value_319
array_value_22 <--> hash_value_322
array_value_25 <--> hash_value_325
array_value_28 <--> hash_value_328
array_value_31 <--> hash_value_331
array_value_34 <--> hash_value_334
array_value_37 <--> hash_value_337
array_value_40 <--> hash_value_340
array_value_43 <--> hash_value_343
array_value_46 <--> hash_value_346
array_value_49 <--> hash_value_349
array_value_52 <--> hash_value_352
array_value_55 <--> hash_value_355
array_value_58 <--> hash_value_358
array_value_61 <--> hash_value_361
array_value_64 <--> hash_value_364
array_value_67 <--> hash_value_367
array_value_70 <--> hash_value_370
array_value_73 <--> hash_value_373
array_value_76 <--> hash_value_376
array_value_79 <--> hash_value_379
array_value_82 <--> hash_value_382
array_value_85 <--> hash_value_385
array_value_88 <--> hash_value_388
array_value_91 <--> hash_value_391
array_value_94 <--> hash_value_394
array_value_97 <--> hash_value_397
array_value_100 <--> hash_value_400
array_value_103 <--> hash_value_403
array_value_106 <--> hash_value_406
array_value_109 <--> hash_value_409
array_value_112 <--> hash_value_412
array_value_115 <--> hash_value_415
array_value_118 <--> hash_value_418
array_value_121 <--> hash_value_421
array_value_124 <--> hash_value_424
array_value_127 <--> hash_value_427
array_value_130 <--> hash_value_430
array_value_133 <--> hash_value_433
array_value_136 <--> hash_value_436
array_value_139 <--> hash_value_439
array_value_142 <--> hash_value_442
array_value_145 <--> hash_value_445
array_value_148 <--> hash_value_448
array_value_151 <--> hash_value_451
array_value_154 <--> hash_value_454
array_value_157 <--> hash_value_457
array_value_160 <--> hash_value_460
array_value_163 <--> hash_value_463
array_value_166 <--> hash_value_466
array_value_169 <--> hash_value_469
array_value_172 <--> hash_value_472
array_value_175 <--> hash_value_475
array_value_178 <--> hash_value_478
array_value_181 <--> hash_value_481
array_value_184 <--> hash_value_484
array_value_187 <--> hash_value_487
array_value_190 <--> hash_value_490
array_value_193 <--> hash_value_493
array_value_196 <--> hash_value_496
array_value_199 <--> hash_value_499
